// Jest Snapshot v1, https://goo.gl/fbAQLP

exports[`<HistoryItem /> render history item 1`] = `
<li
  className="ant-list-item flex flex-col lg:flex-row items-start lg:items-center justify-between space-y-2 lg:space-y-0 bg-gray-900 p-2 lg:p-3 mb-2 border border-gray-800"
>
  <div
    className="flex space-x-px lg:space-x-2"
  >
    <span
      className="ant-tag flex items-center justify-center pr-0 lg:pr-2 text-white"
      style={
        Object {
          "backgroundColor": "#00AA76",
        }
      }
    >
      <span
        aria-label="check-circle"
        className="anticon anticon-check-circle"
        role="img"
      >
        <svg
          aria-hidden="true"
          data-icon="check-circle"
          fill="currentColor"
          focusable="false"
          height="1em"
          viewBox="64 64 896 896"
          width="1em"
        >
          <path
            d="M699 353h-46.9c-10.2 0-19.9 4.9-25.9 13.3L469 584.3l-71.2-98.8c-6-8.3-15.6-13.3-25.9-13.3H325c-6.5 0-10.3 7.4-6.5 12.7l124.6 172.8a31.8 31.8 0 0051.7 0l210.6-292c3.9-5.3.1-12.7-6.4-12.7z"
          />
          <path
            d="M512 64C264.6 64 64 264.6 64 512s200.6 448 448 448 448-200.6 448-448S759.4 64 512 64zm0 820c-205.4 0-372-166.6-372-372s166.6-372 372-372 372 166.6 372 372-166.6 372-372 372z"
          />
        </svg>
      </span>
      <span>
        <span
          className="hidden lg:inline"
        >
          success
        </span>
      </span>
    </span>
    <div
      className="flex flex-col"
    >
      <span
        className="ant-typography"
        onClick={null}
        style={
          Object {
            "WebkitLineClamp": undefined,
          }
        }
      >
        about 1 month ago
      </span>
      <span>
        Just for test
      </span>
    </div>
  </div>
  <div
    className="grid grid-cols-2 items-center gap-4 justify-end place-items-center"
  >
    <span
      className="ant-tag ant-tag-warning text-center bg-yellow-500 text-white font-bold w-16"
      style={
        Object {
          "backgroundColor": undefined,
          "height": "fit-content",
        }
      }
    >
      Out
    </span>
    <div
      className="flex items-center gap-4 lg:mx-4"
    >
      <span
        style={
          Object {
            "background": "none",
            "border": 0,
            "boxSizing": "border-box",
            "display": "inline-block",
            "height": "initial",
            "margin": 0,
            "maxWidth": "100%",
            "opacity": 1,
            "overflow": "hidden",
            "padding": 0,
            "position": "relative",
            "width": "initial",
          }
        }
      >
        <span
          style={
            Object {
              "background": "none",
              "border": 0,
              "boxSizing": "border-box",
              "display": "block",
              "height": "initial",
              "margin": 0,
              "maxWidth": "100%",
              "opacity": 1,
              "padding": 0,
              "width": "initial",
            }
          }
        >
          <img
            alt=""
            aria-hidden={true}
            src="data:image/svg+xml,%3csvg%20xmlns=%27http://www.w3.org/2000/svg%27%20version=%271.1%27%20width=%2740%27%20height=%2740%27/%3e"
            style={
              Object {
                "background": "none",
                "border": 0,
                "display": "block",
                "height": "initial",
                "margin": 0,
                "maxWidth": "100%",
                "opacity": 1,
                "padding": 0,
                "width": "initial",
              }
            }
          />
        </span>
        <img
          alt="..."
          data-nimg="intrinsic"
          decoding="async"
          src="data:image/gif;base64,R0lGODlhAQABAIAAAAAAAP///yH5BAEAAAAALAAAAAABAAEAAAIBRAA7"
          style={
            Object {
              "border": "none",
              "bottom": 0,
              "boxSizing": "border-box",
              "display": "block",
              "height": 0,
              "left": 0,
              "margin": "auto",
              "maxHeight": "100%",
              "maxWidth": "100%",
              "minHeight": "100%",
              "minWidth": "100%",
              "objectFit": undefined,
              "objectPosition": undefined,
              "padding": 0,
              "position": "absolute",
              "right": 0,
              "top": 0,
              "width": 0,
            }
          }
        />
        <noscript>
          <img
            alt="..."
            data-nimg="intrinsic"
            decoding="async"
            loading="lazy"
            src="/image/ring.svg"
            srcSet="/image/ring.svg 1x, /image/ring.svg 2x"
            style={
              Object {
                "border": "none",
                "bottom": 0,
                "boxSizing": "border-box",
                "display": "block",
                "height": 0,
                "left": 0,
                "margin": "auto",
                "maxHeight": "100%",
                "maxWidth": "100%",
                "minHeight": "100%",
                "minWidth": "100%",
                "objectFit": undefined,
                "objectPosition": undefined,
                "padding": 0,
                "position": "absolute",
                "right": 0,
                "top": 0,
                "width": 0,
              }
            }
          />
        </noscript>
      </span>
      <div>
        <p
          className="truncate md:w-40"
          onMouseEnter={[Function]}
          onMouseLeave={[Function]}
        >
          8
        </p>
        <p
          className="capitalize"
        >
          RING
        </p>
      </div>
    </div>
  </div>
</li>
`;
