// Jest Snapshot v1, https://goo.gl/fbAQLP

exports[`<Navigator /> render navigator 1`] = `
Array [
  <div
    className="hidden lg:flex items-center gap-8 ml-8"
  >
    <div
      className=" transition-all duration-300 ease-in-out opacity-100 hover:opacity-80 cursor-pointer whitespace-nowrap"
      onClick={[Function]}
    >
      <span
        className="text-base font-normal text-white"
      >
        Home
      </span>
    </div>
    <div
      className=" transition-all duration-300 ease-in-out opacity-100 hover:opacity-80 cursor-pointer whitespace-nowrap"
      onClick={[Function]}
    >
      <span
        className="text-base font-normal text-white"
      >
        History
      </span>
    </div>
  </div>,
  <ul
    className="ant-menu ant-menu-root ant-menu-inline ant-menu-dark block lg:hidden flex-1"
    data-menu-list={true}
    onKeyDown={[Function]}
    role="menu"
    style={
      Object {
        "background": "transparent",
      }
    }
    tabIndex={0}
  >
    <li
      className="ant-menu-item ant-menu-item-only-child"
      data-menu-id={null}
      onClick={[Function]}
      onFocus={[Function]}
      onKeyDown={[Function]}
      onMouseEnter={[Function]}
      onMouseLeave={[Function]}
      role="menuitem"
      style={
        Object {
          "paddingLeft": 24,
        }
      }
      tabIndex={-1}
    >
      <span
        className="ant-menu-title-content"
      >
        <a
          href="/"
          onClick={[Function]}
          onMouseEnter={[Function]}
        >
          Home
        </a>
      </span>
    </li>
    <li
      className="ant-menu-item ant-menu-item-only-child"
      data-menu-id={null}
      onClick={[Function]}
      onFocus={[Function]}
      onKeyDown={[Function]}
      onMouseEnter={[Function]}
      onMouseLeave={[Function]}
      role="menuitem"
      style={
        Object {
          "paddingLeft": 24,
        }
      }
      tabIndex={-1}
    >
      <span
        className="ant-menu-title-content"
      >
        <a
          href="/history"
          onClick={[Function]}
          onMouseEnter={[Function]}
        >
          History
        </a>
      </span>
    </li>
  </ul>,
  <div
    aria-hidden={true}
    style={
      Object {
        "display": "none",
      }
    }
  />,
]
`;
