// Jest Snapshot v1, https://goo.gl/fbAQLP

exports[`<Bridge /> render bridge 1`] = `
<div>
  <div
    className="grid grid-cols-5 gap-4 p-3 bg-gray-200 dark:bg-antDark bg-opacity-25"
    style={
      Object {
        "borderRadius": 40,
      }
    }
  >
    <span
      style={
        Object {
          "background": "none",
          "border": 0,
          "boxSizing": "border-box",
          "display": "inline-block",
          "height": "initial",
          "margin": 0,
          "maxWidth": "100%",
          "opacity": 1,
          "overflow": "hidden",
          "padding": 0,
          "position": "relative",
          "width": "initial",
        }
      }
    >
      <span
        style={
          Object {
            "background": "none",
            "border": 0,
            "boxSizing": "border-box",
            "display": "block",
            "height": "initial",
            "margin": 0,
            "maxWidth": "100%",
            "opacity": 1,
            "padding": 0,
            "width": "initial",
          }
        }
      >
        <img
          alt=""
          aria-hidden={true}
          src="data:image/svg+xml,%3csvg%20xmlns=%27http://www.w3.org/2000/svg%27%20version=%271.1%27%20width=%2740%27%20height=%2740%27/%3e"
          style={
            Object {
              "background": "none",
              "border": 0,
              "display": "block",
              "height": "initial",
              "margin": 0,
              "maxWidth": "100%",
              "opacity": 1,
              "padding": 0,
              "width": "initial",
            }
          }
        />
      </span>
      <img
        className="rounded-full w-5 md:w-10"
        data-nimg="intrinsic"
        decoding="async"
        src="data:image/gif;base64,R0lGODlhAQABAIAAAAAAAP///yH5BAEAAAAALAAAAAABAAEAAAIBRAA7"
        style={
          Object {
            "border": "none",
            "bottom": 0,
            "boxSizing": "border-box",
            "display": "block",
            "height": 0,
            "left": 0,
            "margin": "auto",
            "maxHeight": "100%",
            "maxWidth": "100%",
            "minHeight": "100%",
            "minWidth": "100%",
            "objectFit": undefined,
            "objectPosition": undefined,
            "padding": 0,
            "position": "absolute",
            "right": 0,
            "top": 0,
            "width": 0,
          }
        }
      />
      <noscript>
        <img
          className="rounded-full w-5 md:w-10"
          data-nimg="intrinsic"
          decoding="async"
          loading="lazy"
          src="/_next/image?url=%2Fimage%2F&w=96&q=75"
          srcSet="/_next/image?url=%2Fimage%2F&w=48&q=75 1x, /_next/image?url=%2Fimage%2F&w=96&q=75 2x"
          style={
            Object {
              "border": "none",
              "bottom": 0,
              "boxSizing": "border-box",
              "display": "block",
              "height": 0,
              "left": 0,
              "margin": "auto",
              "maxHeight": "100%",
              "maxWidth": "100%",
              "minHeight": "100%",
              "minWidth": "100%",
              "objectFit": undefined,
              "objectPosition": undefined,
              "padding": 0,
              "position": "absolute",
              "right": 0,
              "top": 0,
              "width": 0,
            }
          }
        />
      </noscript>
    </span>
    <div
      className="flex items-center justify-center col-span-3 px-4 md:px-8 transform -translate-y-3 bg-gray-300 bg-opacity-20 dark:bg-blue-900 dark:bg-opacity-25"
      style={
        Object {
          "clipPath": "polygon(85% 0%, 100% 50%, 85% 100%, 0% 100%, 15% 50%, 0% 0%)",
          "height": "calc(100% + 24px)",
        }
      }
    >
      <span
        style={
          Object {
            "background": "none",
            "border": 0,
            "boxSizing": "border-box",
            "display": "inline-block",
            "height": "initial",
            "margin": 0,
            "maxWidth": "100%",
            "opacity": 1,
            "overflow": "hidden",
            "padding": 0,
            "position": "relative",
            "width": "initial",
          }
        }
      >
        <span
          style={
            Object {
              "background": "none",
              "border": 0,
              "boxSizing": "border-box",
              "display": "block",
              "height": "initial",
              "margin": 0,
              "maxWidth": "100%",
              "opacity": 1,
              "padding": 0,
              "width": "initial",
            }
          }
        >
          <img
            alt=""
            aria-hidden={true}
            src="data:image/svg+xml,%3csvg%20xmlns=%27http://www.w3.org/2000/svg%27%20version=%271.1%27%20width=%2777%27%20height=%2721%27/%3e"
            style={
              Object {
                "background": "none",
                "border": 0,
                "display": "block",
                "height": "initial",
                "margin": 0,
                "maxWidth": "100%",
                "opacity": 1,
                "padding": 0,
                "width": "initial",
              }
            }
          />
        </span>
        <img
          className="w-10 md:w-20"
          data-nimg="intrinsic"
          decoding="async"
          src="data:image/gif;base64,R0lGODlhAQABAIAAAAAAAP///yH5BAEAAAAALAAAAAABAAEAAAIBRAA7"
          style={
            Object {
              "border": "none",
              "bottom": 0,
              "boxSizing": "border-box",
              "display": "block",
              "height": 0,
              "left": 0,
              "margin": "auto",
              "maxHeight": "100%",
              "maxWidth": "100%",
              "minHeight": "100%",
              "minWidth": "100%",
              "objectFit": undefined,
              "objectPosition": undefined,
              "padding": 0,
              "position": "absolute",
              "right": 0,
              "top": 0,
              "width": 0,
            }
          }
        />
        <noscript>
          <img
            className="w-10 md:w-20"
            data-nimg="intrinsic"
            decoding="async"
            loading="lazy"
            src="/_next/image?url=%2Fimage%2Fbridges%2Fhelix.png&w=256&q=75"
            srcSet="/_next/image?url=%2Fimage%2Fbridges%2Fhelix.png&w=96&q=75 1x, /_next/image?url=%2Fimage%2Fbridges%2Fhelix.png&w=256&q=75 2x"
            style={
              Object {
                "border": "none",
                "bottom": 0,
                "boxSizing": "border-box",
                "display": "block",
                "height": 0,
                "left": 0,
                "margin": "auto",
                "maxHeight": "100%",
                "maxWidth": "100%",
                "minHeight": "100%",
                "minWidth": "100%",
                "objectFit": undefined,
                "objectPosition": undefined,
                "padding": 0,
                "position": "absolute",
                "right": 0,
                "top": 0,
                "width": 0,
              }
            }
          />
        </noscript>
      </span>
    </div>
    <span
      style={
        Object {
          "background": "none",
          "border": 0,
          "boxSizing": "border-box",
          "display": "inline-block",
          "height": "initial",
          "margin": 0,
          "maxWidth": "100%",
          "opacity": 1,
          "overflow": "hidden",
          "padding": 0,
          "position": "relative",
          "width": "initial",
        }
      }
    >
      <span
        style={
          Object {
            "background": "none",
            "border": 0,
            "boxSizing": "border-box",
            "display": "block",
            "height": "initial",
            "margin": 0,
            "maxWidth": "100%",
            "opacity": 1,
            "padding": 0,
            "width": "initial",
          }
        }
      >
        <img
          alt=""
          aria-hidden={true}
          src="data:image/svg+xml,%3csvg%20xmlns=%27http://www.w3.org/2000/svg%27%20version=%271.1%27%20width=%2740%27%20height=%2740%27/%3e"
          style={
            Object {
              "background": "none",
              "border": 0,
              "display": "block",
              "height": "initial",
              "margin": 0,
              "maxWidth": "100%",
              "opacity": 1,
              "padding": 0,
              "width": "initial",
            }
          }
        />
      </span>
      <img
        className="rounded-full w-5 md:w-10"
        data-nimg="intrinsic"
        decoding="async"
        src="data:image/gif;base64,R0lGODlhAQABAIAAAAAAAP///yH5BAEAAAAALAAAAAABAAEAAAIBRAA7"
        style={
          Object {
            "border": "none",
            "bottom": 0,
            "boxSizing": "border-box",
            "display": "block",
            "height": 0,
            "left": 0,
            "margin": "auto",
            "maxHeight": "100%",
            "maxWidth": "100%",
            "minHeight": "100%",
            "minWidth": "100%",
            "objectFit": undefined,
            "objectPosition": undefined,
            "padding": 0,
            "position": "absolute",
            "right": 0,
            "top": 0,
            "width": 0,
          }
        }
      />
      <noscript>
        <img
          className="rounded-full w-5 md:w-10"
          data-nimg="intrinsic"
          decoding="async"
          loading="lazy"
          src="/_next/image?url=%2Fimage%2F&w=96&q=75"
          srcSet="/_next/image?url=%2Fimage%2F&w=48&q=75 1x, /_next/image?url=%2Fimage%2F&w=96&q=75 2x"
          style={
            Object {
              "border": "none",
              "bottom": 0,
              "boxSizing": "border-box",
              "display": "block",
              "height": 0,
              "left": 0,
              "margin": "auto",
              "maxHeight": "100%",
              "maxWidth": "100%",
              "minHeight": "100%",
              "minWidth": "100%",
              "objectFit": undefined,
              "objectPosition": undefined,
              "padding": 0,
              "position": "absolute",
              "right": 0,
              "top": 0,
              "width": 0,
            }
          }
        />
      </noscript>
    </span>
  </div>
  <div
    className="flex justify-between text-xs capitalize mt-1 px-3 whitespace-nowrap"
  >
    <div>
      Darwinia
    </div>
    <div>
      Crab Smart Chain
    </div>
  </div>
</div>
`;
