// Jest Snapshot v1, https://goo.gl/fbAQLP

exports[`<SourceTx /> render SourceTx 1`] = `
<div
  className="flex flex-wrap md:items-center gap-2 md:gap-16 my-3 md:my-6 relative"
>
  <div
    className="w-36 flex items-center gap-2"
  >
    <span
      aria-label="info-circle"
      className="anticon anticon-info-circle cursor-help"
      onMouseEnter={[Function]}
      onMouseLeave={[Function]}
      role="img"
    >
      <svg
        aria-hidden="true"
        data-icon="info-circle"
        fill="currentColor"
        focusable="false"
        height="1em"
        viewBox="64 64 896 896"
        width="1em"
      >
        <path
          d="M512 64C264.6 64 64 264.6 64 512s200.6 448 448 448 448-200.6 448-448S759.4 64 512 64zm0 820c-205.4 0-372-166.6-372-372s166.6-372 372-372 372 166.6 372 372-166.6 372-372 372z"
        />
        <path
          d="M464 336a48 48 0 1096 0 48 48 0 10-96 0zm72 112h-48c-4.4 0-8 3.6-8 8v272c0 4.4 3.6 8 8 8h48c4.4 0 8-3.6 8-8V456c0-4.4-3.6-8-8-8z"
        />
      </svg>
    </span>
    <span
      className="capitalize"
    >
      Source Tx Hash
    </span>
  </div>
  <a
    className="ant-typography hover:opacity-80 transition-opacity duration-200"
    href="https://undefined.etherscan.io/tx/0xa9673370dce7f48b306fb96b90c42fa2a13986f1e618eb2996eaeb5abce88643"
    onClick={null}
    rel="noopener noreferrer"
    style={
      Object {
        "WebkitLineClamp": undefined,
      }
    }
    target="_blank"
  >
    <span
      className="ant-typography custom-copy-icon truncate"
      onClick={null}
      style={
        Object {
          "WebkitLineClamp": undefined,
        }
      }
    >
      <u>
        0xa9673370dce7f48b306fb96b90c42fa2a13986f1e618eb2996eaeb5abce88643
        <div
          aria-label="Copy"
          className="ant-typography-copy"
          onClick={[Function]}
          onKeyDown={[Function]}
          onKeyUp={[Function]}
          onMouseEnter={[Function]}
          onMouseLeave={[Function]}
          role="button"
          style={
            Object {
              "background": "transparent",
              "border": 0,
              "display": "inline-block",
              "lineHeight": "inherit",
              "padding": 0,
            }
          }
          tabIndex={0}
        >
          <img
            alt="..."
            src="/image/copy.svg"
          />
        </div>
      </u>
    </span>
  </a>
</div>
`;
